C51 COMPILER V9.54   MAIN                                                                  12/20/2024 01:16:16 PAGE 1   


C51 COMPILER V9.54, COMPILATION OF MODULE MAIN
OBJECT MODULE PLACED IN main.OBJ
COMPILER INVOKED BY: C:\Keil_v5\C51\BIN\C51.EXE main.c OPTIMIZE(8,SPEED) BROWSE DEBUG OBJECTEXTEND TABS(2)

line level    source

   1          // main.c
   2          #include<reg51.h>
   3          #include<display.h>
*** ERROR C141 IN LINE 33 OF display.h: syntax error near '<<'
*** ERROR C202 IN LINE 34 OF display.h: 'HEAD': undefined identifier
*** ERROR C141 IN LINE 48 OF display.h: syntax error near '=='
*** ERROR C141 IN LINE 63 OF display.h: syntax error near '>>'
*** ERROR C202 IN LINE 64 OF display.h: 'f443aa59b64e13375a80cfe17fec50f134c7f5df': undefined identifier
   4          
   5          sbit LED = P1^7;
   6          
   7          void t0_isr(void) interrupt 1
   8          {
   9   1          TH0 = (65536 - 2000) / 256;
  10   1          TL0 = (65536 - 2000) % 256;
  11   1          cp++;
  12   1          if(cp >= 250) { cp = 0; cp4++; flash = ~flash; cp5++; }
  13   1          if(cp4 >= 2) { cp4 = 0; cp2++; if(cp2 >= 4) cp2 = 3; }
  14   1          P0 = 0xff;
  15   1          P0 = b_s[cp1]; LE = 1; LE = 0; P0 = seg_num[cp1];
  16   1          cp1++;
  17   1          if(cp1 >= 8) cp1 = 0;
  18   1      }
  19          
  20          void t0_init(void)
  21          {
  22   1          TMOD = 0x01;
  23   1          TH0 = (65536 - 200) / 256;
  24   1          TL0 = (65536 - 200) % 256;
  25   1          EA = 1;
  26   1          ET0 = 1;
  27   1          TR0 = 1;
  28   1      }
  29          
  30          void main(void)
  31          {
  32   1          init_2404();
  33   1        Read_Temperature();
  34   1      <<<<<<< HEAD
*** ERROR C141 IN LINE 34 OF main.c: syntax error near '<<'
  35   1        delay(10000);
*** ERROR C202 IN LINE 35 OF main.c: 'HEAD': undefined identifier
  36   1      =======
*** ERROR C141 IN LINE 36 OF main.c: syntax error near '=='
  37   1        delay(3000);
  38   1      >>>>>>> f443aa59b64e13375a80cfe17fec50f134c7f5df
*** ERROR C141 IN LINE 38 OF main.c: syntax error near '>>'
  39   1      //    write_add_dat_2404(1, 22);
  40   1      //    delay(300);
  41   1      //    write_add_dat_2404(2, 01);
  42   1      //    delay(300);
  43   1      //    write_add_dat_2404(3, 06);
  44   1      //    delay(300);
  45   1      //    write_add_dat_2404(4, 11);
  46   1      //    delay(300);
C51 COMPILER V9.54   MAIN                                                                  12/20/2024 01:16:16 PAGE 2   

  47   1      //    write_add_dat_2404(5, 7);
  48   1      //    delay(300);
  49   1      //    write_add_dat_2404(6, 79);
  50   1      //    delay(300);
  51   1      //    num1 = read_add_dat_2404(1);
  52   1      //    delay(3000);
  53   1      //    num2 = read_add_dat_2404(2);
  54   1      //    delay(3000);
  55   1      //    num3 = read_add_dat_2404(3);
  56   1      //    delay(3000);
  57   1      //    num4 = read_add_dat_2404(4);
  58   1      //    delay(3000);
  59   1      //    num5 = read_add_dat_2404(5);
  60   1      //    delay(3000);
  61   1      //    num6 = read_add_dat_2404(6);
  62   1      //    delay(3000);
  63   1      
  64   1          t0_init();
*** ERROR C202 IN LINE 64 OF main.c: 'f443aa59b64e13375a80cfe17fec50f134c7f5df': undefined identifier
  65   1          while(1)
  66   1          {
  67   2              if(cp5 >= 2)
  68   2              {
  69   3                  cp5 = 0;
  70   3                  temp = Read_Temperature();
  71   3                  temp_dot = temp & 0x000f;
  72   3                  temp_dot = temp_dot * 0.625;
  73   3                  temp = temp >> 4;      
  74   3              }
  75   2              display();
  76   2              get_ds1302_time();
  77   2              key();
  78   2              if(hour == hour_n && min == min_n) 
  79   2        LED = 0;
  80   2              else LED = 1;
  81   2          }
  82   1      }
  83          

C51 COMPILATION COMPLETE.  0 WARNING(S),  10 ERROR(S)
