C51 COMPILER V9.60.7.0   MAIN                                                              12/15/2024 13:07:30 PAGE 1   


C51 COMPILER V9.60.7.0, COMPILATION OF MODULE MAIN
OBJECT MODULE PLACED IN main.OBJ
COMPILER INVOKED BY: C:\Keil_v5\C51\BIN\C51.EXE main.c OPTIMIZE(8,SPEED) BROWSE DEBUG OBJECTEXTEND TABS(2)

line level    source

   1          // main.c
   2          #include<reg51.h>
   3          #include<display.h>
   4          
   5          sbit LED = P1^7;
   6          
   7          void t0_isr(void) interrupt 1
   8          {
   9   1          TH0 = (65536 - 2000) / 256;
  10   1          TL0 = (65536 - 2000) % 256;
  11   1          cp++;
  12   1          if(cp >= 250) { cp = 0; cp4++; flash = ~flash; cp5++; }
  13   1          if(cp4 >= 2) { cp4 = 0; cp2++; if(cp2 >= 4) cp2 = 3; }
  14   1          P0 = 0xff;
  15   1          P0 = b_s[cp1]; LE = 1; LE = 0; P0 = seg_num[cp1];
  16   1          cp1++;
  17   1          if(cp1 >= 8) cp1 = 0;
  18   1      }
  19          
  20          void t0_init(void)
  21          {
  22   1          TMOD = 0x01;
  23   1          TH0 = (65536 - 200) / 256;
  24   1          TL0 = (65536 - 200) % 256;
  25   1          EA = 1;
  26   1          ET0 = 1;
  27   1          TR0 = 1;
  28   1      }
  29          
  30          void main(void)
  31          {
  32   1          init_2404();
  33   1        Read_Temperature();
  34   1        delay(10000);
  35   1      //    write_add_dat_2404(1, 22);
  36   1      //    delay(300);
  37   1      //    write_add_dat_2404(2, 01);
  38   1      //    delay(300);
  39   1      //    write_add_dat_2404(3, 06);
  40   1      //    delay(300);
  41   1      //    write_add_dat_2404(4, 11);
  42   1      //    delay(300);
  43   1      //    write_add_dat_2404(5, 7);
  44   1      //    delay(300);
  45   1      //    write_add_dat_2404(6, 79);
  46   1      //    delay(300);
  47   1      //    num1 = read_add_dat_2404(1);
  48   1      //    delay(3000);
  49   1      //    num2 = read_add_dat_2404(2);
  50   1      //    delay(3000);
  51   1      //    num3 = read_add_dat_2404(3);
  52   1      //    delay(3000);
  53   1      //    num4 = read_add_dat_2404(4);
  54   1      //    delay(3000);
  55   1      //    num5 = read_add_dat_2404(5);
C51 COMPILER V9.60.7.0   MAIN                                                              12/15/2024 13:07:30 PAGE 2   

  56   1      //    delay(3000);
  57   1      //    num6 = read_add_dat_2404(6);
  58   1      //    delay(3000);
  59   1      
  60   1          t0_init();
  61   1          while(1)
  62   1          {
  63   2              if(cp5 >= 2)
  64   2              {
  65   3                  cp5 = 0;
  66   3                  temp = Read_Temperature();
  67   3                  temp_dot = temp & 0x000f;
  68   3                  temp_dot = temp_dot * 0.625;
  69   3                  temp = temp >> 4;      
  70   3              }
  71   2              display();
  72   2              get_ds1302_time();
  73   2              key();
  74   2              if(hour == hour_n && min == min_n) 
  75   2        LED = 0;
  76   2              else LED = 1;
  77   2          }
  78   1      }
  79          


MODULE INFORMATION:   STATIC OVERLAYABLE
   CODE SIZE        =   1781    ----
   CONSTANT SIZE    =   ----    ----
   XDATA SIZE       =   ----    ----
   PDATA SIZE       =   ----    ----
   DATA SIZE        =     53       2
   IDATA SIZE       =   ----    ----
   BIT SIZE         =   ----    ----
END OF MODULE INFORMATION.


C51 COMPILATION COMPLETE.  0 WARNING(S),  0 ERROR(S)
