BL51 BANKED LINKER/LOCATER V6.22.4.0                                                    12/12/2024  21:06:11  PAGE 1


BL51 BANKED LINKER/LOCATER V6.22.4.0, INVOKED BY:
C:\KEIL_V5\C51\BIN\BL51.EXE main.obj TO µ¥Æ¬»ú¿¼ÊÔ


MEMORY MODEL: SMALL WITH FLOATING POINT ARITHMETIC


INPUT MODULES INCLUDED:
  main.obj (MAIN)
  C:\KEIL_V5\C51\LIB\C51FPS.LIB (?C?FPMUL)
  C:\KEIL_V5\C51\LIB\C51FPS.LIB (?C?FCAST)
  C:\KEIL_V5\C51\LIB\C51FPS.LIB (?C?CASTF)
  C:\KEIL_V5\C51\LIB\C51FPS.LIB (?C?FPGETOPN)
  C:\KEIL_V5\C51\LIB\C51S.LIB (?C_STARTUP)
  C:\KEIL_V5\C51\LIB\C51S.LIB (?C?UIDIV)
  C:\KEIL_V5\C51\LIB\C51S.LIB (?C?LNEG)
  C:\KEIL_V5\C51\LIB\C51S.LIB (?C_INIT)


LINK MAP OF MODULE:  µ¥Æ¬»ú¿¼ÊÔ (MAIN)


            TYPE    BASE      LENGTH    RELOCATION   SEGMENT NAME
            -----------------------------------------------------

            * * * * * * *   D A T A   M E M O R Y   * * * * * * *
            REG     0000H     0008H     ABSOLUTE     "REG BANK 0"
            DATA    0008H     0035H     UNIT         ?DT?MAIN
            DATA    003DH     0002H     UNIT         _DATA_GROUP_
            IDATA   003FH     0001H     UNIT         ?STACK

            * * * * * * *   C O D E   M E M O R Y   * * * * * * *
            CODE    0000H     0003H     ABSOLUTE     
            CODE    0003H     0007H     UNIT         ?PR?INIT_2404?MAIN
                    000AH     0001H                  *** GAP ***
            CODE    000BH     0003H     ABSOLUTE     
            CODE    000EH     0332H     UNIT         ?PR?DISPLAY?MAIN
            CODE    0340H     0228H     UNIT         ?C?LIB_CODE
            CODE    0568H     00F1H     UNIT         ?PR?KEY?MAIN
            CODE    0659H     00E6H     UNIT         ?PR?MAIN?MAIN
            CODE    073FH     008CH     UNIT         ?C_C51STARTUP
            CODE    07CBH     006CH     UNIT         ?PR?T0_ISR?MAIN
            CODE    0837H     0069H     UNIT         ?PR?TIME_ADJ?MAIN
            CODE    08A0H     0041H     UNIT         ?PR?GET_DS1302_TIME?MAIN
            CODE    08E1H     002FH     UNIT         ?PR?READ_TEMPERATURE?MAIN
            CODE    0910H     0026H     UNIT         ?C_INITSEG
            CODE    0936H     0022H     UNIT         ?PR?_WRITE_ONECHAR?MAIN
            CODE    0958H     0020H     UNIT         ?PR?READ_ONECHAR?MAIN
            CODE    0978H     001FH     UNIT         ?PR?INIT_DS18B20?MAIN
            CODE    0997H     001DH     UNIT         ?PR?ACK_2404?MAIN
            CODE    09B4H     001BH     UNIT         ?PR?_READ_ADD_DAT_2404?MAIN
            CODE    09CFH     0019H     UNIT         ?PR?READ_ONEBYTE_2404?MAIN
            CODE    09E8H     0015H     UNIT         ?PR?_WRITE_ONEBYTE_2404?MAIN
            CODE    09FDH     0015H     UNIT         ?PR?_WRITE_ADD_DAT_2404?MAIN
            CODE    0A12H     0015H     UNIT         ?PR?READ_DS1302_ONEBYTE?MAIN
            CODE    0A27H     0014H     UNIT         ?PR?_DEC_BCD_CONV?MAIN
            CODE    0A3BH     0013H     UNIT         ?PR?_WRITE_DS1302_ONEBYTE?MAIN
            CODE    0A4EH     0012H     UNIT         ?PR?_DELAY?MAIN
BL51 BANKED LINKER/LOCATER V6.22.4.0                                                  12/12/2024  21:06:11  PAGE 2


            CODE    0A60H     0012H     UNIT         ?PR?_BCD_DEC_CONV?MAIN
            CODE    0A72H     0010H     UNIT         ?PR?_WRITE_DS1302_ADD_DAT?MAIN
            CODE    0A82H     0010H     UNIT         ?PR?T0_INIT?MAIN
            CODE    0A92H     000EH     UNIT         ?PR?_READ_DS1302_ADD?MAIN
            CODE    0AA0H     000DH     UNIT         ?PR?START_2404?MAIN
            CODE    0AADH     000AH     UNIT         ?PR?STOP_2404?MAIN
            CODE    0AB7H     0007H     UNIT         ?PR?DS1302_INIT?MAIN



OVERLAY MAP OF MODULE:   µ¥Æ¬»ú¿¼ÊÔ (MAIN)


SEGMENT                                  DATA_GROUP 
  +--> CALLED SEGMENT                  START    LENGTH
------------------------------------------------------
?C_C51STARTUP                          -----    -----
  +--> ?PR?MAIN?MAIN
  +--> ?C_INITSEG

?PR?MAIN?MAIN                          -----    -----
  +--> ?PR?INIT_2404?MAIN
  +--> ?PR?READ_TEMPERATURE?MAIN
  +--> ?PR?_DELAY?MAIN
  +--> ?PR?_READ_ADD_DAT_2404?MAIN
  +--> ?PR?T0_INIT?MAIN
  +--> ?PR?DISPLAY?MAIN
  +--> ?PR?GET_DS1302_TIME?MAIN
  +--> ?PR?KEY?MAIN

?PR?READ_TEMPERATURE?MAIN              003DH    0002H
  +--> ?PR?INIT_DS18B20?MAIN
  +--> ?PR?_WRITE_ONECHAR?MAIN
  +--> ?PR?READ_ONECHAR?MAIN

?PR?INIT_DS18B20?MAIN                  -----    -----
  +--> ?PR?_DELAY?MAIN

?PR?_DELAY?MAIN                        -----    -----
  +--> ?PR?_WRITE_ADD_DAT_2404?MAIN

?PR?_WRITE_ADD_DAT_2404?MAIN           -----    -----
  +--> ?PR?START_2404?MAIN
  +--> ?PR?_WRITE_ONEBYTE_2404?MAIN
  +--> ?PR?ACK_2404?MAIN
  +--> ?PR?STOP_2404?MAIN

?PR?ACK_2404?MAIN                      -----    -----
  +--> ?PR?_WRITE_ONEBYTE_2404?MAIN

?PR?_WRITE_ONECHAR?MAIN                -----    -----
  +--> ?PR?_DELAY?MAIN

?PR?READ_ONECHAR?MAIN                  -----    -----
  +--> ?PR?_DELAY?MAIN

?PR?_READ_ADD_DAT_2404?MAIN            -----    -----
BL51 BANKED LINKER/LOCATER V6.22.4.0                                                  12/12/2024  21:06:11  PAGE 3


  +--> ?PR?START_2404?MAIN
  +--> ?PR?ACK_2404?MAIN
  +--> ?PR?_WRITE_ONEBYTE_2404?MAIN
  +--> ?PR?READ_ONEBYTE_2404?MAIN
  +--> ?PR?STOP_2404?MAIN

?PR?GET_DS1302_TIME?MAIN               -----    -----
  +--> ?PR?_BCD_DEC_CONV?MAIN
  +--> ?PR?_READ_DS1302_ADD?MAIN

?PR?_BCD_DEC_CONV?MAIN                 -----    -----
  +--> ?PR?_READ_DS1302_ADD?MAIN

?PR?_READ_DS1302_ADD?MAIN              -----    -----
  +--> ?PR?DS1302_INIT?MAIN
  +--> ?PR?_WRITE_DS1302_ONEBYTE?MAIN
  +--> ?PR?READ_DS1302_ONEBYTE?MAIN

?PR?KEY?MAIN                           -----    -----
  +--> ?PR?TIME_ADJ?MAIN

?PR?TIME_ADJ?MAIN                      -----    -----
  +--> ?PR?_DEC_BCD_CONV?MAIN
  +--> ?PR?_WRITE_DS1302_ADD_DAT?MAIN

?PR?_WRITE_DS1302_ADD_DAT?MAIN         -----    -----
  +--> ?PR?DS1302_INIT?MAIN
  +--> ?PR?_WRITE_DS1302_ONEBYTE?MAIN



SYMBOL TABLE OF MODULE:  µ¥Æ¬»ú¿¼ÊÔ (MAIN)

  VALUE           TYPE          NAME
  ----------------------------------

  -------         MODULE        MAIN
  C:0000H         SYMBOL        _ICE_DUMMY_
  C:09FDH         PUBLIC        _write_add_dat_2404
  D:0080H         PUBLIC        P0
  D:0090H         PUBLIC        P1
  D:00A0H         PUBLIC        P2
  C:0958H         PUBLIC        Read_OneChar
  D:0008H         PUBLIC        num1
  D:00B0H         PUBLIC        P3
  D:0009H         PUBLIC        num2
  D:000AH         PUBLIC        num3
  D:000BH         PUBLIC        cp1
  D:000CH         PUBLIC        num4
  D:000DH         PUBLIC        cp2
  B:00A8H.7       PUBLIC        EA
  D:000EH         PUBLIC        num5
  D:000FH         PUBLIC        cp3
  D:0010H         PUBLIC        num6
  D:0011H         PUBLIC        cp4
  D:0012H         PUBLIC        cp5
  C:0A3BH         PUBLIC        _write_ds1302_onebyte
BL51 BANKED LINKER/LOCATER V6.22.4.0                                                  12/12/2024  21:06:11  PAGE 4


  B:00B0H.4       PUBLIC        rst1
  D:0013H         PUBLIC        hour_n
  C:0A27H         PUBLIC        _DEC_BCD_conv
  C:0A63H         PUBLIC        _BCD_DEC_conv
  B:0090H.0       PUBLIC        LE
  D:0014H         PUBLIC        flash
  C:0A55H         PUBLIC        _delay
  C:0936H         PUBLIC        _Write_OneChar
  D:0015H         PUBLIC        min_n
  B:0090H.2       PUBLIC        DQ
  C:0978H         PUBLIC        Init_DS18B20
  D:0016H         PUBLIC        date
  C:09CFH         PUBLIC        read_onebyte_2404
  C:0659H         PUBLIC        main
  C:0A92H         PUBLIC        _read_ds1302_add
  D:0017H         PUBLIC        month
  D:0018H         PUBLIC        week
  D:0019H         PUBLIC        year
  C:09E8H         PUBLIC        _write_onebyte_2404
  D:001AH         PUBLIC        b_s
  D:0089H         PUBLIC        TMOD
  C:0AB7H         PUBLIC        ds1302_init
  D:0022H         PUBLIC        temp
  B:0090H.4       PUBLIC        sda
  C:0A82H         PUBLIC        t0_init
  D:0024H         PUBLIC        sec
  D:0025H         PUBLIC        hour
  C:0837H         PUBLIC        time_adj
  B:0090H.3       PUBLIC        scl
  D:0026H         PUBLIC        seven_seg
  D:0030H         PUBLIC        min
  B:00A8H.1       PUBLIC        ET0
  C:0568H         PUBLIC        key
  D:008CH         PUBLIC        TH0
  D:008AH         PUBLIC        TL0
  C:08A0H         PUBLIC        get_ds1302_time
  D:0031H         PUBLIC        cp
  C:07CBH         PUBLIC        t0_isr
  C:0A72H         PUBLIC        _write_ds1302_add_dat
  B:0090H.7       PUBLIC        LED
  B:0088H.4       PUBLIC        TR0
  C:09A2H         PUBLIC        ack_2404
  C:0AA0H         PUBLIC        start_2404
  C:0003H         PUBLIC        init_2404
  D:0033H         PUBLIC        temp_dot
  B:00B0H.5       PUBLIC        sda1
  C:09B4H         PUBLIC        _read_add_dat_2404
  D:0035H         PUBLIC        seg_num
  C:0AADH         PUBLIC        stop_2404
  C:08E1H         PUBLIC        Read_Temperature
  B:00B0H.7       PUBLIC        scl1
  C:0A12H         PUBLIC        read_ds1302_onebyte
  C:000EH         PUBLIC        display
  -------         PROC          START_2404
  C:0AA0H         LINE#         1
  C:0AA0H         LINE#         2
  C:0AA0H         LINE#         3
BL51 BANKED LINKER/LOCATER V6.22.4.0                                                  12/12/2024  21:06:11  PAGE 5


  C:0AA2H         LINE#         4
  C:0AA3H         LINE#         5
  C:0AA5H         LINE#         6
  C:0AA6H         LINE#         7
  C:0AA8H         LINE#         8
  C:0AA9H         LINE#         9
  C:0AABH         LINE#         10
  C:0AACH         LINE#         11
  -------         ENDPROC       START_2404
  -------         PROC          STOP_2404
  C:0AADH         LINE#         13
  C:0AADH         LINE#         14
  C:0AADH         LINE#         15
  C:0AAFH         LINE#         16
  C:0AB0H         LINE#         17
  C:0AB2H         LINE#         18
  C:0AB3H         LINE#         19
  C:0AB5H         LINE#         20
  C:0AB6H         LINE#         21
  -------         ENDPROC       STOP_2404
  -------         PROC          L?0110
  -------         ENDPROC       L?0110
  -------         PROC          ACK_2404
  -------         DO            
  D:0007H         SYMBOL        i
  -------         ENDDO         
  C:09A2H         LINE#         23
  C:09A2H         LINE#         24
  C:09A2H         LINE#         25
  C:09A4H         LINE#         26
  C:09A6H         LINE#         27
  C:09A7H         LINE#         28
  C:09B0H         LINE#         29
  C:09B2H         LINE#         30
  C:09B3H         LINE#         31
  -------         ENDPROC       ACK_2404
  -------         PROC          INIT_2404
  C:0003H         LINE#         33
  C:0003H         LINE#         34
  C:0003H         LINE#         35
  C:0006H         LINE#         36
  C:0009H         LINE#         37
  -------         ENDPROC       INIT_2404
  -------         PROC          READ_ONEBYTE_2404
  -------         DO            
  D:0006H         SYMBOL        i
  D:0007H         SYMBOL        dat
  -------         ENDDO         
  C:09CFH         LINE#         39
  C:09CFH         LINE#         40
  C:09CFH         LINE#         42
  C:09D1H         LINE#         43
  C:09D3H         LINE#         44
  C:09D3H         LINE#         45
  C:09D5H         LINE#         46
  C:09D9H         LINE#         47
  C:09DFH         LINE#         48
BL51 BANKED LINKER/LOCATER V6.22.4.0                                                  12/12/2024  21:06:11  PAGE 6


  C:09E1H         LINE#         49
  C:09E3H         LINE#         50
  C:09E7H         LINE#         51
  C:09E7H         LINE#         52
  -------         ENDPROC       READ_ONEBYTE_2404
  -------         PROC          _WRITE_ONEBYTE_2404
  D:0007H         SYMBOL        dat
  -------         DO            
  D:0006H         SYMBOL        i
  -------         ENDDO         
  C:09E8H         LINE#         54
  C:09E8H         LINE#         55
  C:09E8H         LINE#         57
  C:09EAH         LINE#         58
  C:09EAH         LINE#         59
  C:09EEH         LINE#         60
  C:09F2H         LINE#         61
  C:09F4H         LINE#         62
  C:09F6H         LINE#         63
  C:09F8H         LINE#         64
  C:09FCH         LINE#         65
  -------         ENDPROC       _WRITE_ONEBYTE_2404
  -------         PROC          _WRITE_ADD_DAT_2404
  D:0004H         SYMBOL        add
  D:0005H         SYMBOL        dat
  C:09FDH         LINE#         67
  C:09FFH         LINE#         68
  C:09FFH         LINE#         69
  C:0A02H         LINE#         70
  C:0A07H         LINE#         71
  C:0A0AH         LINE#         72
  C:0A0CH         LINE#         73
  C:0A0CH         LINE#         74
  C:0A0CH         LINE#         75
  C:0A0FH         LINE#         76
  -------         ENDPROC       _WRITE_ADD_DAT_2404
  -------         PROC          _READ_ADD_DAT_2404
  D:0005H         SYMBOL        add
  -------         DO            
  D:0007H         SYMBOL        dat
  -------         ENDDO         
  C:09B4H         LINE#         78
  C:09B6H         LINE#         79
  C:09B6H         LINE#         81
  C:09B9H         LINE#         82
  C:09BBH         LINE#         83
  C:09BBH         LINE#         84
  C:09BBH         LINE#         85
  C:09BEH         LINE#         86
  C:09C1H         LINE#         87
  C:09C6H         LINE#         88
  C:09C9H         LINE#         89
  C:09CCH         LINE#         90
  -------         ENDPROC       _READ_ADD_DAT_2404
  C:0A4EH         SYMBOL        L?0109
  -------         PROC          L?0108
  -------         ENDPROC       L?0108
BL51 BANKED LINKER/LOCATER V6.22.4.0                                                  12/12/2024  21:06:11  PAGE 7


  C:0A4EH         SYMBOL        L?0109
  -------         PROC          _DELAY
  D:0006H         SYMBOL        x
  C:0A55H         LINE#         3
  C:0A55H         LINE#         4
  C:0A55H         LINE#         5
  C:0A5FH         LINE#         6
  -------         ENDPROC       _DELAY
  -------         PROC          INIT_DS18B20
  -------         DO            
  D:0005H         SYMBOL        x
  -------         ENDDO         
  C:0978H         LINE#         8
  C:0978H         LINE#         9
  C:0978H         LINE#         10
  C:097AH         LINE#         11
  C:097CH         LINE#         12
  C:097EH         LINE#         13
  C:0985H         LINE#         14
  C:0987H         LINE#         15
  C:0990H         LINE#         16
  -------         ENDPROC       INIT_DS18B20
  -------         PROC          READ_ONECHAR
  -------         DO            
  D:0005H         SYMBOL        i
  D:0003H         SYMBOL        dat
  -------         ENDDO         
  C:0958H         LINE#         19
  C:0958H         LINE#         20
  C:0958H         LINE#         21
  C:0959H         LINE#         22
  C:095AH         LINE#         23
  C:095CH         LINE#         24
  C:095EH         LINE#         25
  C:095EH         LINE#         26
  C:0960H         LINE#         27
  C:0964H         LINE#         28
  C:0966H         LINE#         29
  C:096CH         LINE#         30
  C:0973H         LINE#         31
  C:0975H         LINE#         32
  C:0977H         LINE#         33
  -------         ENDPROC       READ_ONECHAR
  -------         PROC          _WRITE_ONECHAR
  D:0005H         SYMBOL        dat
  -------         DO            
  D:0003H         SYMBOL        i
  -------         ENDDO         
  C:0936H         LINE#         35
  C:0938H         LINE#         36
  C:0938H         LINE#         37
  C:0938H         LINE#         38
  C:093AH         LINE#         39
  C:093CH         LINE#         40
  C:093CH         LINE#         41
  C:093EH         LINE#         42
  C:0942H         LINE#         43
BL51 BANKED LINKER/LOCATER V6.22.4.0                                                  12/12/2024  21:06:11  PAGE 8


  C:0949H         LINE#         44
  C:094BH         LINE#         45
  C:094FH         LINE#         46
  C:0951H         LINE#         47
  -------         ENDPROC       _WRITE_ONECHAR
  -------         PROC          READ_TEMPERATURE
  -------         DO            
  D:003DH         SYMBOL        i
  D:0006H         SYMBOL        j
  -------         ENDDO         
  C:08E1H         LINE#         50
  C:08E1H         LINE#         51
  C:08E1H         LINE#         53
  C:08E4H         LINE#         54
  C:08E9H         LINE#         55
  C:08EEH         LINE#         57
  C:08F1H         LINE#         58
  C:08F6H         LINE#         59
  C:08FBH         LINE#         61
  C:0903H         LINE#         62
  C:0906H         LINE#         63
  C:0908H         LINE#         64
  C:090BH         LINE#         65
  C:090FH         LINE#         66
  -------         ENDPROC       READ_TEMPERATURE
  -------         PROC          DS1302_INIT
  C:0AB7H         LINE#         3
  C:0AB7H         LINE#         4
  C:0AB7H         LINE#         5
  C:0AB9H         LINE#         6
  C:0ABBH         LINE#         7
  C:0ABDH         LINE#         8
  -------         ENDPROC       DS1302_INIT
  -------         PROC          _WRITE_DS1302_ONEBYTE
  D:0007H         SYMBOL        dat
  -------         DO            
  D:0006H         SYMBOL        i
  -------         ENDDO         
  C:0A3BH         LINE#         10
  C:0A3BH         LINE#         11
  C:0A3BH         LINE#         13
  C:0A3DH         LINE#         14
  C:0A3DH         LINE#         15
  C:0A41H         LINE#         16
  C:0A43H         LINE#         17
  C:0A45H         LINE#         18
  C:0A49H         LINE#         19
  C:0A4DH         LINE#         20
  -------         ENDPROC       _WRITE_DS1302_ONEBYTE
  -------         PROC          READ_DS1302_ONEBYTE
  -------         DO            
  D:0006H         SYMBOL        i
  D:0007H         SYMBOL        dat
  -------         ENDDO         
  C:0A12H         LINE#         22
  C:0A12H         LINE#         23
  C:0A12H         LINE#         25
BL51 BANKED LINKER/LOCATER V6.22.4.0                                                  12/12/2024  21:06:11  PAGE 9


  C:0A14H         LINE#         26
  C:0A14H         LINE#         27
  C:0A16H         LINE#         28
  C:0A18H         LINE#         29
  C:0A1CH         LINE#         30
  C:0A22H         LINE#         31
  C:0A26H         LINE#         32
  C:0A26H         LINE#         33
  -------         ENDPROC       READ_DS1302_ONEBYTE
  -------         PROC          _WRITE_DS1302_ADD_DAT
  D:0007H         SYMBOL        add
  D:0005H         SYMBOL        dat
  C:0A72H         LINE#         35
  C:0A72H         LINE#         36
  C:0A72H         LINE#         37
  C:0A75H         LINE#         38
  C:0A78H         LINE#         39
  C:0A7DH         LINE#         40
  C:0A7FH         LINE#         41
  C:0A81H         LINE#         42
  -------         ENDPROC       _WRITE_DS1302_ADD_DAT
  -------         PROC          _READ_DS1302_ADD
  D:0007H         SYMBOL        add
  -------         DO            
  D:0007H         SYMBOL        dat_temp
  -------         ENDDO         
  C:0A92H         LINE#         44
  C:0A92H         LINE#         45
  C:0A92H         LINE#         47
  C:0A95H         LINE#         48
  C:0A98H         LINE#         49
  C:0A9BH         LINE#         50
  C:0A9DH         LINE#         51
  C:0A9FH         LINE#         52
  C:0A9FH         LINE#         53
  -------         ENDPROC       _READ_DS1302_ADD
  -------         PROC          L?0111
  -------         ENDPROC       L?0111
  -------         PROC          _BCD_DEC_CONV
  D:0007H         SYMBOL        x
  -------         DO            
  D:0006H         SYMBOL        dec
  -------         ENDDO         
  C:0A63H         LINE#         55
  C:0A63H         LINE#         56
  C:0A63H         LINE#         58
  C:0A67H         LINE#         59
  C:0A6BH         LINE#         60
  C:0A70H         LINE#         61
  C:0A71H         LINE#         62
  -------         ENDPROC       _BCD_DEC_CONV
  -------         PROC          _DEC_BCD_CONV
  D:0007H         SYMBOL        x
  -------         DO            
  D:0006H         SYMBOL        bcd
  -------         ENDDO         
  C:0A27H         LINE#         63
BL51 BANKED LINKER/LOCATER V6.22.4.0                                                  12/12/2024  21:06:11  PAGE 10


  C:0A27H         LINE#         64
  C:0A27H         LINE#         66
  C:0A2EH         LINE#         67
  C:0A33H         LINE#         68
  C:0A36H         LINE#         69
  C:0A38H         LINE#         70
  C:0A3AH         LINE#         71
  -------         ENDPROC       _DEC_BCD_CONV
  -------         PROC          GET_DS1302_TIME
  -------         DO            
  D:0007H         SYMBOL        d
  -------         ENDDO         
  C:08A0H         LINE#         72
  C:08A0H         LINE#         73
  C:08A0H         LINE#         75
  C:08A2H         LINE#         76
  C:08A7H         LINE#         77
  C:08A9H         LINE#         78
  C:08AEH         LINE#         79
  C:08B3H         LINE#         80
  C:08B8H         LINE#         81
  C:08BDH         LINE#         82
  C:08C2H         LINE#         83
  C:08C7H         LINE#         84
  C:08CCH         LINE#         85
  C:08D1H         LINE#         86
  C:08D6H         LINE#         87
  C:08DBH         LINE#         88
  C:08E0H         LINE#         89
  -------         ENDPROC       GET_DS1302_TIME
  -------         PROC          TIME_ADJ
  C:0837H         LINE#         90
  C:0837H         LINE#         91
  C:0837H         LINE#         92
  C:083EH         LINE#         93
  C:0845H         LINE#         94
  C:084CH         LINE#         95
  C:0853H         LINE#         96
  C:085AH         LINE#         97
  C:0861H         LINE#         99
  C:0868H         LINE#         100
  C:086FH         LINE#         101
  C:0876H         LINE#         102
  C:087DH         LINE#         103
  C:0884H         LINE#         104
  C:088BH         LINE#         105
  C:0892H         LINE#         106
  C:0899H         LINE#         107
  -------         ENDPROC       TIME_ADJ
  -------         PROC          KEY
  C:0568H         LINE#         1
  C:0568H         LINE#         2
  C:0568H         LINE#         3
  C:056BH         LINE#         4
  C:0570H         LINE#         5
  C:0570H         LINE#         6
  C:0572H         LINE#         7
BL51 BANKED LINKER/LOCATER V6.22.4.0                                                  12/12/2024  21:06:11  PAGE 11


  C:057CH         LINE#         8
  C:057CH         LINE#         9
  C:0582H         LINE#         10
  C:0588H         LINE#         11
  C:0588H         LINE#         12
  C:0599H         LINE#         13
  C:05AAH         LINE#         14
  C:05BBH         LINE#         15
  C:05CCH         LINE#         16
  C:05DDH         LINE#         17
  C:05E0H         LINE#         18
  C:05E0H         LINE#         19
  C:05E6H         LINE#         20
  C:05ECH         LINE#         21
  C:05ECH         LINE#         22
  C:05FDH         LINE#         23
  C:060EH         LINE#         24
  C:061FH         LINE#         25
  C:0630H         LINE#         26
  C:0641H         LINE#         27
  C:0644H         LINE#         28
  C:0644H         LINE#         29
  C:064AH         LINE#         31
  C:064FH         LINE#         32
  C:064FH         LINE#         33
  C:0652H         LINE#         34
  C:0652H         LINE#         35
  C:0658H         LINE#         36
  -------         ENDPROC       KEY
  -------         PROC          DISPLAY
  C:000EH         LINE#         29
  C:000EH         LINE#         30
  C:000EH         LINE#         31
  C:0012H         LINE#         32
  C:0012H         LINE#         33
  C:001EH         LINE#         34
  C:002CH         LINE#         35
  C:0038H         LINE#         36
  C:0046H         LINE#         37
  C:0052H         LINE#         38
  C:0060H         LINE#         39
  C:006EH         LINE#         40
  C:007AH         LINE#         41
  C:007AH         LINE#         42
  C:0080H         LINE#         43
  C:0080H         LINE#         44
  C:0088H         LINE#         45
  C:0094H         LINE#         46
  C:00A2H         LINE#         47
  C:00A5H         LINE#         48
  C:00A8H         LINE#         49
  C:00BAH         LINE#         50
  C:00CEH         LINE#         51
  C:00D6H         LINE#         52
  C:00D6H         LINE#         53
  C:00DCH         LINE#         54
  C:00DCH         LINE#         55
BL51 BANKED LINKER/LOCATER V6.22.4.0                                                  12/12/2024  21:06:11  PAGE 12


  C:00EAH         LINE#         56
  C:00F6H         LINE#         57
  C:0104H         LINE#         58
  C:0110H         LINE#         59
  C:011EH         LINE#         60
  C:012AH         LINE#         61
  C:012DH         LINE#         62
  C:0130H         LINE#         63
  C:0130H         LINE#         64
  C:013AH         LINE#         65
  C:013AH         LINE#         66
  C:0148H         LINE#         67
  C:0154H         LINE#         68
  C:015BH         LINE#         69
  C:0169H         LINE#         70
  C:0175H         LINE#         71
  C:0177H         LINE#         72
  C:0185H         LINE#         73
  C:0191H         LINE#         74
  C:0191H         LINE#         76
  C:0197H         LINE#         77
  C:0197H         LINE#         78
  C:01A5H         LINE#         79
  C:01B1H         LINE#         80
  C:01B4H         LINE#         81
  C:01C2H         LINE#         82
  C:01CEH         LINE#         83
  C:01D1H         LINE#         84
  C:01E1H         LINE#         85
  C:01EFH         LINE#         86
  C:01EFH         LINE#         87
  C:01F5H         LINE#         88
  C:01F5H         LINE#         89
  C:0203H         LINE#         90
  C:020FH         LINE#         91
  C:0212H         LINE#         92
  C:0222H         LINE#         93
  C:0230H         LINE#         94
  C:0233H         LINE#         95
  C:0241H         LINE#         96
  C:024DH         LINE#         97
  C:024DH         LINE#         98
  C:0253H         LINE#         99
  C:0253H         LINE#         100
  C:0263H         LINE#         101
  C:0271H         LINE#         102
  C:0274H         LINE#         103
  C:0282H         LINE#         104
  C:028EH         LINE#         105
  C:0291H         LINE#         106
  C:029FH         LINE#         107
  C:02ABH         LINE#         108
  C:02ABH         LINE#         109
  C:02B1H         LINE#         110
  C:02B1H         LINE#         111
  C:02B4H         LINE#         112
  C:02B7H         LINE#         113
BL51 BANKED LINKER/LOCATER V6.22.4.0                                                  12/12/2024  21:06:11  PAGE 13


  C:02BAH         LINE#         114
  C:02C8H         LINE#         115
  C:02D4H         LINE#         116
  C:02D7H         LINE#         117
  C:02E7H         LINE#         118
  C:02F5H         LINE#         119
  C:02F5H         LINE#         120
  C:02FBH         LINE#         121
  C:02FBH         LINE#         122
  C:02FEH         LINE#         123
  C:0301H         LINE#         124
  C:0304H         LINE#         125
  C:0314H         LINE#         126
  C:0322H         LINE#         127
  C:0325H         LINE#         128
  C:0333H         LINE#         129
  C:033FH         LINE#         130
  C:033FH         LINE#         131
  -------         ENDPROC       DISPLAY
  -------         PROC          T0_ISR
  C:07CBH         LINE#         7
  C:07D4H         LINE#         9
  C:07D7H         LINE#         10
  C:07DAH         LINE#         11
  C:07E2H         LINE#         12
  C:07F8H         LINE#         13
  C:080DH         LINE#         14
  C:0810H         LINE#         15
  C:0824H         LINE#         16
  C:0826H         LINE#         17
  C:0830H         LINE#         18
  -------         ENDPROC       T0_ISR
  -------         PROC          T0_INIT
  C:0A82H         LINE#         20
  C:0A82H         LINE#         21
  C:0A82H         LINE#         22
  C:0A85H         LINE#         23
  C:0A88H         LINE#         24
  C:0A8BH         LINE#         25
  C:0A8DH         LINE#         26
  C:0A8FH         LINE#         27
  C:0A91H         LINE#         28
  -------         ENDPROC       T0_INIT
  -------         PROC          MAIN
  C:0659H         LINE#         30
  C:0659H         LINE#         31
  C:0659H         LINE#         32
  C:065CH         LINE#         33
  C:065FH         LINE#         34
  C:0663H         LINE#         35
  C:0666H         LINE#         36
  C:066AH         LINE#         37
  C:066DH         LINE#         38
  C:0671H         LINE#         39
  C:0674H         LINE#         40
  C:0678H         LINE#         41
  C:067BH         LINE#         42
BL51 BANKED LINKER/LOCATER V6.22.4.0                                                  12/12/2024  21:06:11  PAGE 14


  C:067FH         LINE#         43
  C:0682H         LINE#         44
  C:0686H         LINE#         45
  C:0689H         LINE#         46
  C:0690H         LINE#         47
  C:0697H         LINE#         48
  C:069EH         LINE#         49
  C:06A5H         LINE#         50
  C:06ACH         LINE#         51
  C:06B3H         LINE#         52
  C:06BAH         LINE#         53
  C:06C1H         LINE#         54
  C:06C8H         LINE#         55
  C:06CFH         LINE#         56
  C:06D6H         LINE#         57
  C:06DDH         LINE#         59
  C:06E0H         LINE#         60
  C:06E0H         LINE#         61
  C:06E0H         LINE#         62
  C:06E7H         LINE#         63
  C:06E7H         LINE#         64
  C:06EAH         LINE#         65
  C:06F1H         LINE#         66
  C:06FAH         LINE#         67
  C:0712H         LINE#         68
  C:0724H         LINE#         69
  C:0724H         LINE#         70
  C:0727H         LINE#         71
  C:072AH         LINE#         72
  C:072DH         LINE#         73
  C:0737H         LINE#         74
  C:073BH         LINE#         75
  C:073DH         LINE#         76
  -------         ENDPROC       MAIN
  -------         ENDMOD        MAIN

  -------         MODULE        ?C?FPMUL
  C:0340H         PUBLIC        ?C?FPMUL
  -------         ENDMOD        ?C?FPMUL

  -------         MODULE        ?C?FCAST
  C:0450H         PUBLIC        ?C?FCASTC
  C:044BH         PUBLIC        ?C?FCASTI
  C:0446H         PUBLIC        ?C?FCASTL
  -------         ENDMOD        ?C?FCAST

  -------         MODULE        ?C?CASTF
  C:0484H         PUBLIC        ?C?CASTF
  -------         ENDMOD        ?C?CASTF

  -------         MODULE        ?C?UIDIV
  C:0505H         PUBLIC        ?C?UIDIV
  -------         ENDMOD        ?C?UIDIV

  -------         MODULE        ?C?LNEG
  C:055AH         PUBLIC        ?C?LNEG
  -------         ENDMOD        ?C?LNEG
BL51 BANKED LINKER/LOCATER V6.22.4.0                                                  12/12/2024  21:06:11  PAGE 15



Program Size: data=64.0 xdata=0 code=2749
LINK/LOCATE RUN COMPLETE.  0 WARNING(S),  0 ERROR(S)
