C51 COMPILER V9.60.7.0   MAIN                                                              12/05/2024 10:46:43 PAGE 1   


C51 COMPILER V9.60.7.0, COMPILATION OF MODULE MAIN
OBJECT MODULE PLACED IN main.OBJ
COMPILER INVOKED BY: C:\Keil_v5\C51\BIN\C51.EXE main.c OPTIMIZE(8,SPEED) BROWSE DEBUG OBJECTEXTEND TABS(2)

line level    source

   1          #include <reg51.h>
   2          int seg[] = {0xc0, 0xf9, 0xa4, 0xb0, 0x99, 0x92, 0x82, 0xf8, 0x80, 0x90};
   3          int key[] = {0x8, 0x4, 0x2, 0x1};
   4          sbit x1 = P2 ^ 0;
   5          sbit x2 = P2 ^ 1;
   6          sbit x3 = P2 ^ 2;
   7          sbit x4 = P2 ^ 3;
   8          sbit seg1 = P1 ^ 0;
   9          sbit seg2 = P1 ^ 1;
  10          void delay(int x)
  11          {
  12   1        while (x--)
  13   1          ;
  14   1      }
  15          void show(unsigned int num)
  16          {
  17   1        int a, b, c, d;
  18   1        d = num / 1000;
  19   1        c = (num % 1000) / 100;
  20   1        b = (num % 100) / 10;
  21   1        a = num % 10;
  22   1        while (1)
  23   1        {
  24   2          seg1 = 1;
  25   2          P0 = seg[d];
  26   2          delay(200);
  27   2          seg1 = 0;
  28   2          P2 = 0Xff;
  29   2          seg2 = 1;
  30   2          P1 = seg[c];
  31   2          delay(200);
  32   2          seg2 = 0;
  33   2          P2 = 0Xff;
  34   2        } 
  35   1        delay(5000);
  36   1      }
  37          int main()
  38          {
  39   1        int i, b;
  40   1        int x, y;
  41   1        while (1)
  42   1        {
  43   2          for (i = 0; i < 3; i++)
  44   2          {
  45   3            P2 = key[i];
  46   3            delay(500);
  47   3            if (x1 == 0)
  48   3            {
  49   4              x = 1;
  50   4              y = i + 1;
  51   4              b = x * 10 + y;
  52   4              show(b);
  53   4            }
  54   3            else if (x2 == 0)
  55   3            {
C51 COMPILER V9.60.7.0   MAIN                                                              12/05/2024 10:46:43 PAGE 2   

  56   4              x = 2;
  57   4              y = i + 1;
  58   4              b = x * 10 + y;
  59   4              show(b);
  60   4            }
  61   3            else if (x3 == 0)
  62   3            {
  63   4              x = 3;
  64   4              y = i + 1;
  65   4              b = x * 10 + y;
  66   4              show(b);
  67   4            }
  68   3            else if (x4 == 0)
  69   3            {
  70   4              x = 4;
  71   4              y = i + 1;
  72   4              b = x * 10 + y;
  73   4              show(b);
  74   4            }
  75   3            delay(500);
  76   3          }
  77   2        }
  78   1      }
*** WARNING C294 IN LINE 35 OF main.c: unreachable code


MODULE INFORMATION:   STATIC OVERLAYABLE
   CODE SIZE        =    282    ----
   CONSTANT SIZE    =   ----    ----
   XDATA SIZE       =   ----    ----
   PDATA SIZE       =   ----    ----
   DATA SIZE        =     28      14
   IDATA SIZE       =   ----    ----
   BIT SIZE         =   ----    ----
END OF MODULE INFORMATION.


C51 COMPILATION COMPLETE.  1 WARNING(S),  0 ERROR(S)
